// Jest Snapshot v1, https://jestjs.io/docs/snapshot-testing

exports[`TechSections matches snapshots for all sections 1`] = `
<div>
  <section
    class="mb-16 flex flex-wrap justify-start gap-6"
  >
    <a
      class="flex items-center justify-between hover:scale-105"
      href="https://react.dev/"
      rel="noopener noreferrer"
      target="_blank"
    >
      <svg
        class="mr-1 size-12"
        name="react"
      >
        <title>
          react
        </title>
      </svg>
       React
    </a>
    <a
      class="flex items-center justify-between hover:scale-105"
      href="https://redux.js.org/"
      rel="noopener noreferrer"
      target="_blank"
    >
      <svg
        class="mr-1 size-12"
        name="redux"
      >
        <title>
          redux
        </title>
      </svg>
       Redux
    </a>
    <a
      class="flex items-center justify-between hover:scale-105"
      href="https://www.typescriptlang.org/"
      rel="noopener noreferrer"
      target="_blank"
    >
      <svg
        class="mr-1 size-12"
        name="typescript"
      >
        <title>
          typescript
        </title>
      </svg>
       TypeScript
    </a>
    <a
      class="flex items-center justify-between hover:scale-105"
      href="https://nodejs.org/en"
      rel="noopener noreferrer"
      target="_blank"
    >
      <svg
        class="mr-1 inline size-12"
        name="nodejs"
      >
        <title>
          nodejs
        </title>
      </svg>
       Node.js
    </a>
    <a
      class="flex items-center justify-between hover:scale-105"
      href="https://nextjs.org/"
      rel="noopener noreferrer"
      target="_blank"
    >
      <svg
        class="mr-1 size-12 dark:dark:invert"
        name="nextjs2"
      >
        <title>
          nextjs2
        </title>
      </svg>
       
      Next.js
    </a>
    <a
      class="flex items-center justify-between hover:scale-105"
      href="https://koajs.com/"
      rel="noopener noreferrer"
      target="_blank"
    >
      <svg
        class="mr-1 size-12 dark:invert"
        role="img"
        viewBox="0 0 24 24"
        xmlns="http://www.w3.org/2000/svg"
      >
        <title>
          Koa
        </title>
        <path
          d="M0 5.587v12.757h1.19v-4.099l.46-.527 3.147 4.626h1.19L2.33 12.97l2.773-3.13h-.17L1.19 14.058v-8.47zm11.039 4.185c-1.19 0-2.177.391-2.96 1.173-.77.783-1.156 1.883-1.156 3.3 0 1.418.374 2.467 1.122 3.147.749.68 1.718 1.02 2.909 1.02 1.202 0 2.188-.39 2.96-1.173.782-.783 1.173-1.883 1.173-3.3 0-1.417-.374-2.466-1.122-3.147-.749-.68-1.724-1.02-2.926-1.02zm8.896 0c-1.043 0-2.07.232-3.079.697l.068.12c.261-.148.67-.296 1.225-.443.567-.159 1.06-.238 1.48-.238.42 0 .76.057 1.02.17.26.102.442.227.545.374.102.148.18.3.238.46.068.147.09.272.068.374.007.97 0 1.988 0 2.976a9.269 9.269 0 00-.834-.034c-.306 0-.64.017-1.003.051-1.463.091-2.41.34-2.841.749-.215.204-.346.391-.391.561-.046.17-.068.329-.068.476 0 .136.011.273.034.409.193 1.292 1.003 1.939 2.432 1.939 1.225 0 2.115-.505 2.67-1.514v.357c0 .181.131.397.392.646.283.295.81.443 1.582.443H24v-.136h-.527l-.187-.034c-.136-.012-.272-.103-.409-.273-.124-.181-.187-.436-.187-.765v-5.698c0-.363-.147-.709-.442-1.038-.498-.557-1.564-.624-2.313-.63zm-8.862.136c.862 0 1.553.329 2.075.986.522.658.783 1.673.783 3.045 0 1.36-.284 2.427-.85 3.198-.568.76-1.282 1.14-2.144 1.14-.862 0-1.554-.33-2.075-.987-.522-.658-.783-1.667-.783-3.028 0-1.372.284-2.438.85-3.198.568-.77 1.282-1.156 2.144-1.156zm9.491 4.456c.318 0 .63.012.936.034v2.058c-.034.386-.295.789-.783 1.208a2.416 2.416 0 01-1.616.613c-.907 0-1.411-.601-1.513-1.803a3.155 3.155 0 01-.02-.307c0-.499.131-.89.392-1.173.26-.284.822-.477 1.684-.579.314-.038.64-.039.92-.05z"
        />
      </svg>
       Koa
    </a>
    <a
      class="flex items-center justify-between hover:scale-105"
      href="https://tailwindcss.com/"
      rel="noopener noreferrer"
      target="_blank"
    >
      <svg
        class="mr-1 size-12"
        name="tailwindcss"
      >
        <title>
          tailwindcss
        </title>
      </svg>
       Tailwind CSS
    </a>
    <a
      class="flex items-center justify-between hover:scale-105"
      href="https://www.postgresql.org/"
      rel="noopener noreferrer"
      target="_blank"
    >
      <svg
        class="mr-1 size-12"
        name="postgresql"
      >
        <title>
          postgresql
        </title>
      </svg>
       PostgreSQL
    </a>
    <a
      class="flex items-center justify-between hover:scale-105"
      href="https://www.vercel.com/"
      rel="noopener noreferrer"
      target="_blank"
    >
      <svg
        class="mr-1 size-6"
        fill="currentColor"
        role="img"
        viewBox="0 0 24 24"
        xmlns="http://www.w3.org/2000/svg"
      >
        <title>
          Vercel
        </title>
        <path
          d="M24 22.525H0l12-21.05 12 21.05z"
        />
      </svg>
       Vercel
    </a>
  </section>
</div>
`;

exports[`TechSections matches snapshots for all sections 2`] = `
<div>
  <section
    class="mb-16 flex flex-wrap justify-start gap-6"
  >
    <a
      class="flex items-center justify-between hover:scale-105"
      href="https://www.rust-lang.org/"
      rel="noopener noreferrer"
      target="_blank"
    >
      <svg
        class="mr-1 size-6 dark:invert"
        name="rust"
      >
        <title>
          rust
        </title>
      </svg>
       Rust
    </a>
    <a
      class="flex items-center justify-between hover:scale-105"
      href="https://dotnet.microsoft.com/en-us/languages/csharp"
      rel="noopener noreferrer"
      target="_blank"
    >
      <svg
        class="mr-1 size-6"
        name="csharp"
      >
        <title>
          csharp
        </title>
      </svg>
       C#
    </a>
    <a
      class="flex items-center justify-between hover:scale-105"
      href="https://mdxjs.com/"
      rel="noopener noreferrer"
      target="_blank"
    >
      <svg
        class="mr-1 size-6 dark:invert"
        role="img"
        viewBox="0 0 24 24"
        xmlns="http://www.w3.org/2000/svg"
      >
        <title>
          MDX
        </title>
        <path
          d="M.79 7.12h22.42c.436 0 .79.355.79.792v8.176c0 .436-.354.79-.79.79H.79a.79.79 0 0 1-.79-.79V7.912a.79.79 0 0 1 .79-.791V7.12Zm2.507 7.605v-3.122l1.89 1.89L7.12 11.56v3.122h1.055v-5.67l-2.99 2.99L2.24 9.056v5.67h1.055v-.001Zm8.44-1.845-1.474-1.473-.746.746 2.747 2.747 2.745-2.747-.746-.746-1.473 1.473v-4h-1.054v4Zm10.041.987-2.175-2.175 2.22-2.22-.746-.746-2.22 2.22-2.22-2.22-.747.746 2.22 2.22-2.176 2.177.746.746 2.177-2.177 2.176 2.175.745-.746Z"
        />
      </svg>
       MDX
    </a>
    <a
      class="flex items-center justify-between hover:scale-105"
      href="https://kafka.apache.org/"
      rel="noopener noreferrer"
      target="_blank"
    >
      <svg
        class="size-6 dark:invert"
        role="img"
        viewBox="0 0 24 24"
        xmlns="http://www.w3.org/2000/svg"
      >
        <title>
          Apache Kafka
        </title>
        <path
          d="M9.71 2.136a1.43 1.43 0 0 0-2.047 0h-.007a1.48 1.48 0 0 0-.421 1.042c0 .41.161.777.422 1.039l.007.007c.257.264.616.426 1.019.426.404 0 .766-.162 1.027-.426l.003-.007c.261-.262.421-.629.421-1.039 0-.408-.159-.777-.421-1.042H9.71zM8.683 22.295c.404 0 .766-.167 1.027-.429l.003-.008c.261-.261.421-.631.421-1.036 0-.41-.159-.778-.421-1.044H9.71a1.42 1.42 0 0 0-1.027-.432 1.4 1.4 0 0 0-1.02.432h-.007c-.26.266-.422.634-.422 1.044 0 .406.161.775.422 1.036l.007.008c.258.262.617.429 1.02.429zm7.89-4.462c.359-.096.683-.33.882-.684l.027-.052a1.47 1.47 0 0 0 .114-1.067 1.454 1.454 0 0 0-.675-.896l-.021-.014a1.425 1.425 0 0 0-1.078-.132c-.36.091-.684.335-.881.686-.2.349-.241.75-.146 1.119.099.363.33.691.675.896h.002c.346.203.737.239 1.101.144zm-6.405-7.342a2.083 2.083 0 0 0-1.485-.627c-.58 0-1.103.242-1.482.627-.378.385-.612.916-.612 1.507s.233 1.124.612 1.514a2.08 2.08 0 0 0 2.967 0c.379-.39.612-.923.612-1.514s-.233-1.122-.612-1.507zm-.835-2.51c.843.141 1.6.552 2.178 1.144h.004c.092.093.182.196.265.299l1.446-.851a3.176 3.176 0 0 1-.047-1.808 3.149 3.149 0 0 1 1.456-1.926l.025-.016a3.062 3.062 0 0 1 2.345-.306c.77.21 1.465.721 1.898 1.482v.002c.431.757.518 1.626.313 2.408a3.145 3.145 0 0 1-1.456 1.928l-.198.118h-.02a3.095 3.095 0 0 1-2.154.201 3.127 3.127 0 0 1-1.514-.944l-1.444.848a4.162 4.162 0 0 1 0 2.879l1.444.846c.413-.47.939-.789 1.514-.944a3.041 3.041 0 0 1 2.371.319l.048.023v.002a3.17 3.17 0 0 1 1.408 1.906 3.215 3.215 0 0 1-.313 2.405l-.026.053-.003-.005a3.147 3.147 0 0 1-1.867 1.436 3.096 3.096 0 0 1-2.371-.318v-.006a3.156 3.156 0 0 1-1.456-1.927 3.175 3.175 0 0 1 .047-1.805l-1.446-.848a3.905 3.905 0 0 1-.265.294l-.004.005a3.938 3.938 0 0 1-2.178 1.138v1.699a3.09 3.09 0 0 1 1.56.862l.002.004c.565.572.914 1.368.914 2.243 0 .873-.35 1.664-.914 2.239l-.002.009a3.1 3.1 0 0 1-2.21.931 3.1 3.1 0 0 1-2.206-.93h-.002v-.009a3.186 3.186 0 0 1-.916-2.239c0-.875.35-1.672.916-2.243v-.004h.002a3.1 3.1 0 0 1 1.558-.862v-1.699a3.926 3.926 0 0 1-2.176-1.138l-.006-.005a4.098 4.098 0 0 1-1.173-2.874c0-1.122.452-2.136 1.173-2.872h.006a3.947 3.947 0 0 1 2.176-1.144V6.289a3.137 3.137 0 0 1-1.558-.864h-.002v-.004a3.192 3.192 0 0 1-.916-2.243c0-.871.35-1.669.916-2.243l.002-.002A3.084 3.084 0 0 1 8.683 0c.861 0 1.641.355 2.21.932v.002h.002c.565.574.914 1.372.914 2.243 0 .876-.35 1.667-.914 2.243l-.002.005a3.142 3.142 0 0 1-1.56.864v1.692zm8.121-1.129l-.012-.019a1.452 1.452 0 0 0-.87-.668 1.43 1.43 0 0 0-1.103.146h.002c-.347.2-.58.529-.677.896-.095.365-.054.768.146 1.119l.007.009c.2.347.519.579.874.673.357.103.755.059 1.098-.144l.019-.009a1.47 1.47 0 0 0 .657-.885 1.493 1.493 0 0 0-.141-1.118"
        />
      </svg>
       Apache Kafka
    </a>
    <a
      class="flex items-center justify-between hover:scale-105"
      href="https://www.elastic.co/elasticsearch"
      rel="noopener noreferrer"
      target="_blank"
    >
      <svg
        class="mr-1 size-6"
        name="elastic"
      >
        <title>
          elastic
        </title>
      </svg>
       Elasticsearch
    </a>
    <a
      class="flex items-center justify-between hover:scale-105"
      href="https://www.mongodb.com/"
      rel="noopener noreferrer"
      target="_blank"
    >
      <svg
        class="mr-1 size-6"
        name="mongodb"
      >
        <title>
          mongodb
        </title>
      </svg>
       MongoDB
    </a>
    <a
      class="flex items-center justify-between hover:scale-105"
      href="https://www.docker.com/"
      rel="noopener noreferrer"
      target="_blank"
    >
      <svg
        class="mr-1 size-6"
        name="docker"
      >
        <title>
          docker
        </title>
      </svg>
       Docker
    </a>
    <a
      class="flex items-center justify-between hover:scale-105"
      href="https://caddyserver.com/"
      rel="noopener noreferrer"
      target="_blank"
    >
      <svg
        class="mr-1 size-6 text-[#1F88C0]"
        fill="currentColor"
        role="img"
        viewBox="0 0 24 24"
        xmlns="http://www.w3.org/2000/svg"
      >
        <title>
          Caddy
        </title>
        <path
          d="M11.094.47c-.842 0-1.696.092-2.552.288a11.37 11.37 0 0 0-4.87 2.423 10.632 10.632 0 0 0-2.36 2.826A10.132 10.132 0 0 0 .305 8.582c-.398 1.62-.4 3.336-.043 5.048.085.405.183.809.31 1.212a11.85 11.85 0 0 0 1.662 3.729 3.273 3.273 0 0 0-.086.427 3.323 3.323 0 0 0 2.848 3.71 3.279 3.279 0 0 0 1.947-.346c1.045.51 2.17.864 3.339 1.04a11.66 11.66 0 0 0 4.285-.155 11.566 11.566 0 0 0 4.936-2.485 10.643 10.643 0 0 0 2.352-2.894 11.164 11.164 0 0 0 1.356-4.424 11.214 11.214 0 0 0-.498-4.335c.175-.077.338-.175.486-.293a.444.444 89.992 0 0 .001 0c.402-.322.693-.794.777-1.342a2.146 2.146 0 0 0-1.79-2.434 2.115 2.115 0 0 0-1.205.171c-.038-.043-.078-.086-.113-.13a11.693 11.693 0 0 0-3.476-2.93 13.348 13.348 0 0 0-1.76-.81 13.55 13.55 0 0 0-2.06-.613A12.121 12.121 0 0 0 11.093.47Zm.714.328c.345-.004.688.01 1.028.042a9.892 9.892 0 0 1 2.743.639c.984.39 1.89.958 2.707 1.632.803.662 1.502 1.45 2.091 2.328.026.039.048.08.07.12a2.12 2.12 0 0 0-.435 2.646c-.158.114-.97.692-1.634 1.183-.414.308-.733.557-.733.557l.581.68s.296-.276.665-.638c.572-.562 1.229-1.233 1.395-1.403a2.122 2.122 0 0 0 1.907.677 11.229 11.229 0 0 1-.013 4.046 11.41 11.41 0 0 1-1.475 3.897 12.343 12.343 0 0 1-2.079 2.587c-1.19 1.125-2.633 2.022-4.306 2.531a10.826 10.826 0 0 1-3.973.484 11.04 11.04 0 0 1-3.057-.652 3.304 3.304 0 0 0 1.417-2.294 3.275 3.275 0 0 0-.294-1.842c.18-.162.403-.363.656-.6 1.015-.955 2.353-2.303 2.353-2.303l-.47-.599s-1.63.972-2.801 1.728c-.307.198-.573.378-.777.517a3.273 3.273 0 0 0-1.516-.611c-1.507-.198-2.927.672-3.487 2.017a10.323 10.323 0 0 1-.695-1.078A10.92 10.92 0 0 1 .728 14.8a10.35 10.35 0 0 1-.2-1.212c-.164-1.653.103-3.258.629-4.754a12.95 12.95 0 0 1 1.087-2.288c.57-.968 1.248-1.872 2.069-2.656A11.013 11.013 0 0 1 11.808.797Zm-.147 3.257a3.838 3.838 0 0 0-3.82 3.82v2.36h-.94c-.751 0-1.377.625-1.377 1.377v3.8h1.46v-3.718h9.354v6.264H10.02v1.46h6.4c.751 0 1.377-.625 1.377-1.377v-6.43c0-.751-.626-1.377-1.377-1.377h-.94v-2.36a3.838 3.838 0 0 0-3.82-3.819zm0 1.46a2.371 2.371 0 0 1 2.36 2.36v2.36H9.3v-2.36a2.372 2.372 0 0 1 2.36-2.36zm10.141.392a1.253 1.253 0 0 1 1.296 1.434c-.049.319-.217.59-.453.78-.266.213-.61.318-.968.264a1.253 1.253 0 0 1-1.045-1.42 1.255 1.255 0 0 1 1.17-1.058zM5.384 17.425a2.02 2.02 0 0 1 1.917 1.298c.116.3.159.628.114.967a2.015 2.015 0 0 1-2.249 1.728 2.016 2.016 0 0 1-1.727-2.25 2.017 2.017 0 0 1 1.945-1.743z"
        />
      </svg>
       
      Caddy
    </a>
    <a
      class="flex items-center justify-between hover:scale-105"
      href="https://nginx.org/"
      rel="noopener noreferrer"
      target="_blank"
    >
      <svg
        class="mr-1 size-6 text-[#009900]"
        fill="currentColor"
        role="img"
        viewBox="0 0 24 24"
        xmlns="http://www.w3.org/2000/svg"
      >
        <title>
          NGINX
        </title>
        <path
          d="M12 0L1.605 6v12L12 24l10.395-6V6L12 0zm6 16.59c0 .705-.646 1.29-1.529 1.29-.631 0-1.351-.255-1.801-.81l-6-7.141v6.66c0 .721-.57 1.29-1.274 1.29H7.32c-.721 0-1.29-.6-1.29-1.29V7.41c0-.705.63-1.29 1.5-1.29.646 0 1.38.255 1.83.81l5.97 7.141V7.41c0-.721.6-1.29 1.29-1.29h.075c.72 0 1.29.6 1.29 1.29v9.18H18z"
        />
      </svg>
       
      Nginx
    </a>
    <a
      class="flex items-center justify-between hover:scale-105"
      href="https://www.netlify.com/"
      rel="noopener noreferrer"
      target="_blank"
    >
      <svg
        class="mr-1 size-6 text-[#32e6e2]"
        fill="currentColor"
        role="img"
        viewBox="0 0 24 24"
        xmlns="http://www.w3.org/2000/svg"
      >
        <title>
          Netlify
        </title>
        <path
          d="M6.49 19.04h-.23L5.13 17.9v-.23l1.73-1.71h1.2l.15.15v1.2L6.5 19.04ZM5.13 6.31V6.1l1.13-1.13h.23L8.2 6.68v1.2l-.15.15h-1.2L5.13 6.31Zm9.96 9.09h-1.65l-.14-.13v-3.83c0-.68-.27-1.2-1.1-1.23-.42 0-.9 0-1.43.02l-.07.08v4.96l-.14.14H8.9l-.13-.14V8.73l.13-.14h3.7a2.6 2.6 0 0 1 2.61 2.6v4.08l-.13.14Zm-8.37-2.44H.14L0 12.82v-1.64l.14-.14h6.58l.14.14v1.64l-.14.14Zm17.14 0h-6.58l-.14-.14v-1.64l.14-.14h6.58l.14.14v1.64l-.14.14ZM11.05 6.55V1.64l.14-.14h1.65l.14.14v4.9l-.14.14h-1.65l-.14-.13Zm0 15.81v-4.9l.14-.14h1.65l.14.13v4.91l-.14.14h-1.65l-.14-.14Z"
        />
      </svg>
       
      Netlify
    </a>
    <a
      class="flex items-center justify-between hover:scale-105"
      href="https://www.vultr.com"
      rel="noopener noreferrer"
      target="_blank"
    >
      <svg
        class="mr-1 size-6 text-[#202fab]"
        fill="currentColor"
        role="img"
        viewBox="0 0 24 24"
        xmlns="http://www.w3.org/2000/svg"
      >
        <title>
          Vultr
        </title>
        <path
          d="M8.36 2.172A1.194 1.194 0 007.348 1.6H1.2A1.2 1.2 0 000 2.8a1.211 1.211 0 00.182.64l11.6 18.4a1.206 1.206 0 002.035 0l3.075-4.874a1.229 1.229 0 00.182-.64 1.211 1.211 0 00-.182-.642zm10.349 8.68a1.206 1.206 0 002.035 0L21.8 9.178l2.017-3.2a1.211 1.211 0 00.183-.64 1.229 1.229 0 00-.183-.64l-1.6-2.526a1.206 1.206 0 00-1.016-.571h-6.148a1.2 1.2 0 00-1.201 1.2 1.143 1.143 0 00.188.64z"
        />
      </svg>
       
      Vultr
    </a>
    <a
      class="flex items-center justify-between hover:scale-105"
      href="https://aws.amazon.com"
      rel="noopener noreferrer"
      target="_blank"
    >
      <svg
        class="mr-1 size-6 dark:invert"
        name="aws"
      >
        <title>
          aws
        </title>
      </svg>
       AWS
    </a>
  </section>
</div>
`;

exports[`TechSections matches snapshots for all sections 3`] = `
<div>
  <section
    class="mb-16 flex flex-wrap justify-start gap-6"
  >
    <a
      class="flex items-center justify-between hover:scale-105"
      href="https://godotengine.org/"
      rel="noopener noreferrer"
      target="_blank"
    >
      <svg
        class="mr-1 size-6 text-[#478cbf]"
        fill="currentColor"
        role="img"
        viewBox="0 0 24 24"
        xmlns="http://www.w3.org/2000/svg"
      >
        <title>
          Godot Engine
        </title>
        <path
          d="M9.5598.683c-1.096.244-2.1812.5831-3.1983 1.0951.023.8981.081 1.7582.199 2.6323-.395.253-.81.47-1.178.766-.375.288-.7581.564-1.0971.9011-.6781-.448-1.3962-.869-2.1352-1.2411C1.3532 5.6934.608 6.6186 0 7.6546c.458.7411.936 1.4352 1.4521 2.0942h.014v6.3565c.012 0 .023 0 .035.003l3.8963.376c.204.02.364.184.378.3891l.12 1.7201 3.3994.242.234-1.587c.03-.206.207-.358.415-.358h4.1114c.208 0 .385.152.415.358l.234 1.587 3.3993-.242.12-1.72a.4196.4196 0 01.378-.3891l3.8954-.376c.012 0 .023-.003.035-.003v-.5071h.002V9.7498h.014c.516-.659.994-1.3531 1.4521-2.0942-.608-1.036-1.3541-1.9611-2.1512-2.8192-.739.372-1.4571.793-2.1352 1.2411-.339-.337-.721-.613-1.096-.901-.369-.296-.7841-.5131-1.1781-.7661.117-.8741.175-1.7342.199-2.6323-1.0171-.512-2.1012-.851-3.1983-1.095-.438.736-.838 1.533-1.1871 2.3121-.414-.069-.829-.094-1.2461-.099h-.016c-.417.005-.832.03-1.2461.099-.349-.779-.749-1.576-1.1881-2.3121l.001-.001zM6.4765 9.9889c1.2971 0 2.3492 1.0511 2.3492 2.3482s-1.052 2.3482-2.3492 2.3482c-1.296 0-2.3482-1.051-2.3482-2.3482 0-1.297 1.0511-2.3482 2.3482-2.3482zm11.049 0c1.296 0 2.3482 1.0511 2.3482 2.3482s-1.0511 2.3482-2.3482 2.3482-2.3492-1.051-2.3492-2.3482c0-1.297 1.051-2.3482 2.3492-2.3482zm-10.824.9301c-.861 0-1.559.698-1.559 1.5591s.698 1.5582 1.559 1.5582c.8611 0 1.5592-.698 1.5592-1.5582 0-.86-.697-1.559-1.5591-1.559zm10.598 0c-.8611 0-1.5582.698-1.5582 1.5591s.697 1.5582 1.5581 1.5582c.8611 0 1.5592-.698 1.5592-1.5582 0-.86-.697-1.559-1.5592-1.559zm-5.2985.453c.417 0 .757.308.757.6871v2.1622c0 .379-.339.687-.757.687s-.756-.308-.756-.687V12.059c0-.379.339-.687.756-.687zM1.4601 16.9464c.002.377.006.789.006.871 0 3.7014 4.6944 5.4795 10.5269 5.5005h.014c5.8325-.02 10.5259-1.7991 10.5259-5.5004 0-.084.005-.495.007-.871l-3.5023.338-.121 1.729a.421.421 0 01-.389.3901l-4.1814.296a.4203.4203 0 01-.415-.358l-.238-1.6141h-3.3863l-.238 1.6141a.4192.4192 0 01-.4451.357l-4.1513-.296c-.208-.015-.375-.181-.389-.389l-.12-1.7292-3.5044-.337z"
        />
      </svg>
       
      Godot
    </a>
    <a
      class="flex items-center justify-between hover:scale-105"
      href="https://unity.com/"
      rel="noopener noreferrer"
      target="_blank"
    >
      <svg
        class="mr-1 size-6 dark:invert"
        role="img"
        viewBox="0 0 24 24"
        xmlns="http://www.w3.org/2000/svg"
      >
        <title>
          Unity
        </title>
        <path
          d="m12.9288 4.2939 3.7997 2.1929c.1366.077.1415.2905 0 .3675l-4.515 2.6076a.4192.4192 0 0 1-.4246 0L7.274 6.8543c-.139-.0745-.1415-.293 0-.3675l3.7972-2.193V0L1.3758 5.5977V16.793l3.7177-2.1456v-4.3858c-.0025-.1565.1813-.2682.318-.1838l4.5148 2.6076a.4252.4252 0 0 1 .2136.3676v5.2127c.0025.1565-.1813.2682-.3179.1838l-3.7996-2.1929-3.7178 2.1457L12 24l9.6954-5.5977-3.7178-2.1457-3.7996 2.1929c-.1341.082-.3229-.0248-.3179-.1838V13.053c0-.1565.087-.2956.2136-.3676l4.5149-2.6076c.134-.082.3228.0224.3179.1838v4.3858l3.7177 2.1456V5.5977L12.9288 0Z"
        />
      </svg>
       Unity
    </a>
  </section>
</div>
`;

exports[`TechSections matches snapshots for all sections 4`] = `
<div>
  <section
    class="mb-16 flex flex-wrap justify-start gap-6"
  >
    <a
      class="flex items-center justify-between hover:scale-105"
      href="https://www.vim.org/"
      rel="noopener noreferrer"
      target="_blank"
    >
      <svg
        class="mr-1 size-6"
        name="vim"
      >
        <title>
          vim
        </title>
      </svg>
       Vim
    </a>
    <a
      class="flex items-center justify-between hover:scale-105"
      href="https://code.visualstudio.com/"
      rel="noopener noreferrer"
      target="_blank"
    >
      <svg
        class="mr-1 size-6"
        name="vscode"
      >
        <title>
          vscode
        </title>
      </svg>
       Visual Studio Code
    </a>
    <a
      class="flex items-center justify-between hover:scale-105"
      href="https://www.debian.org/"
      rel="noopener noreferrer"
      target="_blank"
    >
      <svg
        class="mr-1 size-6 text-[#a80030]"
        fill="currentColor"
        role="img"
        viewBox="0 0 24 24"
        xmlns="http://www.w3.org/2000/svg"
      >
        <title>
          Debian
        </title>
        <path
          d="M13.88 12.685c-.4 0 .08.2.601.28.14-.1.27-.22.39-.33a3.001 3.001 0 01-.99.05m2.14-.53c.23-.33.4-.69.47-1.06-.06.27-.2.5-.33.73-.75.47-.07-.27 0-.56-.8 1.01-.11.6-.14.89m.781-2.05c.05-.721-.14-.501-.2-.221.07.04.13.5.2.22M12.38.31c.2.04.45.07.42.12.23-.05.28-.1-.43-.12m.43.12l-.15.03.14-.01V.43m6.633 9.944c.02.64-.2.95-.38 1.5l-.35.181c-.28.54.03.35-.17.78-.44.39-1.34 1.22-1.62 1.301-.201 0 .14-.25.19-.34-.591.4-.481.6-1.371.85l-.03-.06c-2.221 1.04-5.303-1.02-5.253-3.842-.03.17-.07.13-.12.2a3.551 3.552 0 012.001-3.501 3.361 3.362 0 013.732.48 3.341 3.342 0 00-2.721-1.3c-1.18.01-2.281.76-2.651 1.57-.6.38-.67 1.47-.93 1.661-.361 2.601.66 3.722 2.38 5.042.27.19.08.21.12.35a4.702 4.702 0 01-1.53-1.16c.23.33.47.66.8.91-.55-.18-1.27-1.3-1.48-1.35.93 1.66 3.78 2.921 5.261 2.3a6.203 6.203 0 01-2.33-.28c-.33-.16-.77-.51-.7-.57a5.802 5.803 0 005.902-.84c.44-.35.93-.94 1.07-.95-.2.32.04.16-.12.44.44-.72-.2-.3.46-1.24l.24.33c-.09-.6.74-1.321.66-2.262.19-.3.2.3 0 .97.29-.74.08-.85.15-1.46.08.2.18.42.23.63-.18-.7.2-1.2.28-1.6-.09-.05-.28.3-.32-.53 0-.37.1-.2.14-.28-.08-.05-.26-.32-.38-.861.08-.13.22.33.34.34-.08-.42-.2-.75-.2-1.08-.34-.68-.12.1-.4-.3-.34-1.091.3-.25.34-.74.54.77.84 1.96.981 2.46-.1-.6-.28-1.2-.49-1.76.16.07-.26-1.241.21-.37A7.823 7.824 0 0017.702 1.6c.18.17.42.39.33.42-.75-.45-.62-.48-.73-.67-.61-.25-.65.02-1.06 0C15.082.73 14.862.8 13.8.4l.05.23c-.77-.25-.9.1-1.73 0-.05-.04.27-.14.53-.18-.741.1-.701-.14-1.431.03.17-.13.36-.21.55-.32-.6.04-1.44.35-1.18.07C9.6.68 7.847 1.3 6.867 2.22L6.838 2c-.45.54-1.96 1.611-2.08 2.311l-.131.03c-.23.4-.38.85-.57 1.261-.3.52-.45.2-.4.28-.6 1.22-.9 2.251-1.16 3.102.18.27 0 1.65.07 2.76-.3 5.463 3.84 10.776 8.363 12.006.67.23 1.65.23 2.49.25-.99-.28-1.12-.15-2.08-.49-.7-.32-.85-.7-1.34-1.13l.2.35c-.971-.34-.57-.42-1.361-.67l.21-.27c-.31-.03-.83-.53-.97-.81l-.34.01c-.41-.501-.63-.871-.61-1.161l-.111.2c-.13-.21-1.52-1.901-.8-1.511-.13-.12-.31-.2-.5-.55l.14-.17c-.35-.44-.64-1.02-.62-1.2.2.24.32.3.45.33-.88-2.172-.93-.12-1.601-2.202l.15-.02c-.1-.16-.18-.34-.26-.51l.06-.6c-.63-.74-.18-3.102-.09-4.402.07-.54.53-1.1.88-1.981l-.21-.04c.4-.71 2.341-2.872 3.241-2.761.43-.55-.09 0-.18-.14.96-.991 1.26-.7 1.901-.88.7-.401-.6.16-.27-.151 1.2-.3.85-.7 2.421-.85.16.1-.39.14-.52.26 1-.49 3.151-.37 4.562.27 1.63.77 3.461 3.011 3.531 5.132l.08.02c-.04.85.13 1.821-.17 2.711l.2-.42M9.54 13.236l-.05.28c.26.35.47.73.8 1.01-.24-.47-.42-.66-.75-1.3m.62-.02c-.14-.15-.22-.34-.31-.52.08.32.26.6.43.88l-.12-.36m10.945-2.382l-.07.15c-.1.76-.34 1.511-.69 2.212.4-.73.65-1.541.75-2.362M12.45.12c.27-.1.66-.05.95-.12-.37.03-.74.05-1.1.1l.15.02M3.006 5.142c.07.57-.43.8.11.42.3-.66-.11-.18-.1-.42m-.64 2.661c.12-.39.15-.62.2-.84-.35.44-.17.53-.2.83"
        />
      </svg>
       
      Debian
    </a>
    <a
      class="flex items-center justify-between hover:scale-105"
      href="https://ohmyz.sh/"
      rel="noopener noreferrer"
      target="_blank"
    >
      <svg
        class="mr-1 size-6 text-[#c5d928]"
        fill="currentColor"
        role="img"
        viewBox="0 0 24 24"
        xmlns="http://www.w3.org/2000/svg"
      >
        <title>
          Zsh
        </title>
        <path
          d="M3.612.719A3.621 3.621 0 0 0 0 4.331v15.328a3.627 3.627 0 0 0 3.616 3.612h8.242a.529.529 0 0 0 .228-.042.607.607 0 0 0-.232-1.169H3.612a2.393 2.393 0 0 1-2.393-2.4V6.113h21.566v12.839a.134.134 0 0 1-.12.074h-.743a.158.158 0 0 1-.09-.043.134.134 0 0 1-.04-.095v-2.23c-.004-.001-.004-.003-.004-.006v-.007a.602.602 0 1 0-1.202 0v6.032l.004.001v.002a.6.6 0 0 0 1.202 0v.002V20.297a.116.116 0 0 1 .036-.095.134.134 0 0 1 .094-.04h.744a.12.12 0 0 1 .099.036c.01.01.018.022.024.035v2.434a.042.042 0 0 0 .002.023.6.6 0 0 0 .14.38.601.601 0 0 0 .46.213h.01a.592.592 0 0 0 .547-.368l.004-.011a.445.445 0 0 0 .023-.074.608.608 0 0 0 .025-.162V4.326A3.615 3.615 0 0 0 20.392.715H3.616Zm0 1.215h16.776a2.383 2.383 0 0 1 2.401 2.393V4.9H1.215v-.57a2.388 2.388 0 0 1 2.397-2.396ZM6.36 7.28a.213.213 0 0 0-.145.076l-3.964 4.72a.213.213 0 1 0 .327.275l3.964-4.72a.213.213 0 0 0-.182-.35Zm-2.94.12c-.632 0-1.151.52-1.151 1.151 0 .632.52 1.152 1.151 1.152.632 0 1.152-.52 1.152-1.152 0-.632-.52-1.151-1.152-1.151Zm0 .667a.48.48 0 0 1 .485.484.48.48 0 0 1-.485.485.48.48 0 0 1-.484-.485.48.48 0 0 1 .484-.484Zm1.94 1.939c-.632 0-1.152.52-1.152 1.152 0 .632.52 1.15 1.152 1.15.632 0 1.151-.518 1.151-1.15 0-.633-.52-1.152-1.151-1.152Zm0 .667a.48.48 0 0 1 .485.485.48.48 0 0 1-.485.484.48.48 0 0 1-.485-.484.48.48 0 0 1 .485-.485Zm2.658 1.21a.214.214 0 0 0-.081.41c.026.01.053.016.081.016h2.831a.327.327 0 0 0 .086-.02.215.215 0 0 0 .131-.198.213.213 0 0 0-.213-.213h-2.83Zm5.77 4.159a.61.61 0 0 0-.61.61v-.004.004a.61.61 0 0 0 .61.61l.028-.002h1.123a.052.052 0 0 1 .04.005.077.077 0 0 1 .04.058.076.076 0 0 1-.006.037l-1.783 4.453a.67.67 0 0 0-.048.249v.55a.65.65 0 0 0 .192.474.67.67 0 0 0 .474.196h2.09a.718.718 0 0 0 .243-.051.623.623 0 0 0 .386-.578v.004-.004a.626.626 0 0 0-.625-.626l-.014.001h-1.406a.05.05 0 0 1-.038-.005.074.074 0 0 1-.038-.056.072.072 0 0 1 .005-.034l2.056-5.127a.555.555 0 0 0-.516-.762h-2.167a.07.07 0 0 0-.033-.006Zm4.915.03c-.286 0-.613.027-.81.082a.946.946 0 0 0-.466.267 1.174 1.174 0 0 0-.247.525c-.05.215-.076.488-.076.82 0 .318.003.576.01.772.008.16.026.32.056.479a.93.93 0 0 0 .124.294c.055.078.119.15.19.212.1.087.208.165.324.23.127.074.257.144.39.212.133.067.26.138.38.211.114.064.22.142.315.23.037.041.072.084.104.13a.294.294 0 0 1 .053.091.651.651 0 0 1 .042.24c.007.073.01.175.01.303a3.77 3.77 0 0 1-.029.525.745.745 0 0 1-.076.285.261.261 0 0 1-.152.12 2.324 2.324 0 0 1-.378.028.83.83 0 0 1-.228-.028.315.315 0 0 1-.143-.129 1.072 1.072 0 0 1-.076-.276 4.459 4.459 0 0 1-.02-.46c0-.016 0-.034-.002-.05h-.004a.54.54 0 0 0-.176-.311.517.517 0 0 0-.847.315h-.003c.002.014.002.033.002.052v.023l.003.284c0 .362.026.656.076.883.057.221.146.396.267.525a.916.916 0 0 0 .457.248c.22.054.448.078.675.074.305 0 .698-.027.901-.083a.897.897 0 0 0 .486-.313c.127-.153.215-.365.266-.635.057-.276.086-.628.086-1.058 0-.313-.01-.565-.029-.755a1.65 1.65 0 0 0-.085-.47.763.763 0 0 0-.181-.294 1.5 1.5 0 0 0-.276-.22 2.733 2.733 0 0 0-.286-.157 4.382 4.382 0 0 0-.342-.175 8.27 8.27 0 0 1-.343-.184 2.885 2.885 0 0 1-.276-.193.938.938 0 0 1-.114-.11.398.398 0 0 1-.057-.139 1.452 1.452 0 0 1-.029-.211v-.346a2.59 2.59 0 0 1 .015-.396.633.633 0 0 1 .067-.23.23.23 0 0 1 .143-.101c.057-.019.216-.028.305-.028.203 0 .33.058.38.175.04.074.063.155.066.24.003.066.004.153.004.245h.003c.004-.003.004-.002.004 0a.512.512 0 0 0 .516.512.516.516 0 0 0 .515-.512v-.004c-.004-.099-.004-.19-.004-.242a3.184 3.184 0 0 0-.067-.709.896.896 0 0 0-.228-.469.869.869 0 0 0-.457-.258 2.693 2.693 0 0 0-.733-.082Z"
        />
      </svg>
       Oh My Zsh
    </a>
  </section>
</div>
`;

exports[`TechSections matches snapshots for all sections 5`] = `
<div>
  <section
    class="mb-16 flex flex-wrap justify-start gap-6"
  >
    <a
      class="flex items-center justify-between hover:scale-105"
      href="https://nextcloud.com/"
      rel="noopener noreferrer"
      target="_blank"
    >
      <svg
        class="mr-1 size-6 text-[#14a2f0]"
        fill="currentColor"
        role="img"
        viewBox="0 0 24 24"
        xmlns="http://www.w3.org/2000/svg"
      >
        <title>
          Nextcloud
        </title>
        <path
          d="M12.018 6.537c-2.5 0-4.6 1.712-5.241 4.015-.56-1.232-1.793-2.105-3.225-2.105A3.569 3.569 0 0 0 0 12a3.569 3.569 0 0 0 3.552 3.553c1.432 0 2.664-.874 3.224-2.106.641 2.304 2.742 4.016 5.242 4.016 2.487 0 4.576-1.693 5.231-3.977.569 1.21 1.783 2.067 3.198 2.067A3.568 3.568 0 0 0 24 12a3.569 3.569 0 0 0-3.553-3.553c-1.416 0-2.63.858-3.199 2.067-.654-2.284-2.743-3.978-5.23-3.977zm0 2.085c1.878 0 3.378 1.5 3.378 3.378 0 1.878-1.5 3.378-3.378 3.378A3.362 3.362 0 0 1 8.641 12c0-1.878 1.5-3.378 3.377-3.378zm-8.466 1.91c.822 0 1.467.645 1.467 1.468s-.644 1.467-1.467 1.468A1.452 1.452 0 0 1 2.085 12c0-.823.644-1.467 1.467-1.467zm16.895 0c.823 0 1.468.645 1.468 1.468s-.645 1.468-1.468 1.468A1.452 1.452 0 0 1 18.98 12c0-.823.644-1.467 1.467-1.467z"
        />
      </svg>
       
      Nextcloud
    </a>
    <a
      class="flex items-center justify-between hover:scale-105"
      href="https://obsidian.md/"
      rel="noopener noreferrer"
      target="_blank"
    >
      <svg
        class="mr-1 size-6 text-[#a88bfa]"
        fill="currentColor"
        role="img"
        viewBox="0 0 24 24"
        xmlns="http://www.w3.org/2000/svg"
      >
        <title>
          Obsidian
        </title>
        <path
          d="M19.355 18.538a68.967 68.959 0 0 0 1.858-2.954.81.81 0 0 0-.062-.9c-.516-.685-1.504-2.075-2.042-3.362-.553-1.321-.636-3.375-.64-4.377a1.707 1.707 0 0 0-.358-1.05l-3.198-4.064a3.744 3.744 0 0 1-.076.543c-.106.503-.307 1.004-.536 1.5-.134.29-.29.6-.446.914l-.31.626c-.516 1.068-.997 2.227-1.132 3.59-.124 1.26.046 2.73.815 4.481.128.011.257.025.386.044a6.363 6.363 0 0 1 3.326 1.505c.916.79 1.744 1.922 2.415 3.5zM8.199 22.569c.073.012.146.02.22.02.78.024 2.095.092 3.16.29.87.16 2.593.64 4.01 1.055 1.083.316 2.198-.548 2.355-1.664.114-.814.33-1.735.725-2.58l-.01.005c-.67-1.87-1.522-3.078-2.416-3.849a5.295 5.295 0 0 0-2.778-1.257c-1.54-.216-2.952.19-3.84.45.532 2.218.368 4.829-1.425 7.531zM5.533 9.938c-.023.1-.056.197-.098.29L2.82 16.059a1.602 1.602 0 0 0 .313 1.772l4.116 4.24c2.103-3.101 1.796-6.02.836-8.3-.728-1.73-1.832-3.081-2.55-3.831zM9.32 14.01c.615-.183 1.606-.465 2.745-.534-.683-1.725-.848-3.233-.716-4.577.154-1.552.7-2.847 1.235-3.95.113-.235.223-.454.328-.664.149-.297.288-.577.419-.86.217-.47.379-.885.46-1.27.08-.38.08-.72-.014-1.043-.095-.325-.297-.675-.68-1.06a1.6 1.6 0 0 0-1.475.36l-4.95 4.452a1.602 1.602 0 0 0-.513.952l-.427 2.83c.672.59 2.328 2.316 3.335 4.711.09.21.175.43.253.653z"
        />
      </svg>
       
      Obsidian
    </a>
    <a
      class="flex items-center justify-between hover:scale-105"
      href="https://www.mozilla.org/en-US/firefox/new/"
      rel="noopener noreferrer"
      target="_blank"
    >
      <svg
        class="mr-1 size-6"
        name="firefox"
      >
        <title>
          firefox
        </title>
      </svg>
       Firefox
    </a>
    <a
      class="flex items-center justify-between hover:scale-105"
      href="https://signal.org/"
      rel="noopener noreferrer"
      target="_blank"
    >
      <svg
        class="mr-1 size-6 text-[#3a76f0]"
        fill="currentColor"
        role="img"
        viewBox="0 0 24 24"
        xmlns="http://www.w3.org/2000/svg"
      >
        <title>
          Signal
        </title>
        <path
          d="m9.12.35.27 1.09a10.845 10.845 0 0 0-3.015 1.248l-.578-.964A11.955 11.955 0 0 1 9.12.35zm5.76 0-.27 1.09a10.845 10.845 0 0 1 3.015 1.248l.581-.964A11.955 11.955 0 0 0 14.88.35zM1.725 5.797A11.955 11.955 0 0 0 .351 9.119l1.09.27A10.845 10.845 0 0 1 2.69 6.374zm-.6 6.202a10.856 10.856 0 0 1 .122-1.63l-1.112-.168a12.043 12.043 0 0 0 0 3.596l1.112-.169A10.856 10.856 0 0 1 1.125 12zm17.078 10.275-.578-.964a10.845 10.845 0 0 1-3.011 1.247l.27 1.091a11.955 11.955 0 0 0 3.319-1.374zM22.875 12a10.856 10.856 0 0 1-.122 1.63l1.112.168a12.043 12.043 0 0 0 0-3.596l-1.112.169a10.856 10.856 0 0 1 .122 1.63zm.774 2.88-1.09-.27a10.845 10.845 0 0 1-1.248 3.015l.964.581a11.955 11.955 0 0 0 1.374-3.326zm-10.02 7.875a10.952 10.952 0 0 1-3.258 0l-.17 1.112a12.043 12.043 0 0 0 3.597 0zm7.125-4.303a10.914 10.914 0 0 1-2.304 2.302l.668.906a12.019 12.019 0 0 0 2.542-2.535zM18.45 3.245a10.914 10.914 0 0 1 2.304 2.304l.906-.675a12.019 12.019 0 0 0-2.535-2.535zM3.246 5.549A10.914 10.914 0 0 1 5.55 3.245l-.675-.906A12.019 12.019 0 0 0 2.34 4.874zm19.029.248-.964.577a10.845 10.845 0 0 1 1.247 3.011l1.091-.27a11.955 11.955 0 0 0-1.374-3.318zM10.371 1.246a10.952 10.952 0 0 1 3.258 0L13.8.134a12.043 12.043 0 0 0-3.597 0zM3.823 21.957 1.5 22.5l.542-2.323-1.095-.257-.542 2.323a1.125 1.125 0 0 0 1.352 1.352l2.321-.532zm-2.642-3.041 1.095.255.375-1.61a10.828 10.828 0 0 1-1.21-2.952l-1.09.27a11.91 11.91 0 0 0 1.106 2.852zm5.25 2.437-1.61.375.255 1.095 1.185-.275a11.91 11.91 0 0 0 2.851 1.106l.27-1.091a10.828 10.828 0 0 1-2.943-1.217zM12 2.25a9.75 9.75 0 0 0-8.25 14.938l-.938 4 4-.938A9.75 9.75 0 1 0 12 2.25z"
        />
      </svg>
       
      Signal
    </a>
    <a
      class="flex items-center justify-between hover:scale-105"
      href="https://www.libreoffice.org/"
      rel="noopener noreferrer"
      target="_blank"
    >
      <svg
        class="mr-1 size-6 text-[#00a500]"
        fill="currentColor"
        role="img"
        viewBox="0 0 24 24"
        xmlns="http://www.w3.org/2000/svg"
      >
        <title>
          LibreOffice
        </title>
        <path
          d="M16.365 0a.597.597 0 00-.555.352.582.582 0 00.128.635l4.985 4.996a.605.605 0 00.635.133.59.59 0 00.363-.53V.577A.605.605 0 0021.335 0zM2.661 0a.59.59 0 00-.582.59v22.82a.59.59 0 00.582.59h18.67a.59.59 0 00.59-.59V8.716a.59.59 0 00-.17-.42L13.674.182a.59.59 0 00-.42-.181zm.59 1.184h9.754l7.733 7.77v13.863H3.251z"
        />
      </svg>
       
      LibreOffice
    </a>
  </section>
</div>
`;
